---
source: crates/matrix-sdk-crypto/src/types/mod.rs
expression: secret_bundle
---
{
  "cross_signing": {
    "master_key": "MSKMSKMSKMSKMSKMSKMSKMSKMSKMSKMSKMSK",
    "user_signing_key": "USKUSKUSKUSKUSKUSKUSKUSKUSKUSKUSKUSK",
    "self_signing_key": "SSKSSKSSKSSKSSKSSKSSKSSKSSKSSKSSK"
  },
  "backup": null
}
